../Core/Src/main.c:105:5:togglePowerBtn	16	static
../Core/Src/main.c:132:6:setInitialState	16	static
../Core/Src/main.c:145:6:setMotorSpeed	16	static
../Core/Src/main.c:156:10:ADC_Read	40	static
../Core/Src/main.c:176:6:moveForward	8	static
../Core/Src/main.c:186:6:moveBackward	8	static
../Core/Src/main.c:201:5:calcServoRotation	16	static
../Core/Src/main.c:213:7:calcMotorSpeed	16	static
../Core/Src/main.c:223:7:getDistance	32	static
../Core/Src/main.c:245:6:calcBestPath	56	static
../Core/Src/main.c:273:6:setMotionSettings	32	static
../Core/Src/main.c:288:5:main	40	static
../Core/Src/main.c:361:6:SystemClock_Config	96	static
../Core/Src/main.c:405:13:MX_ADC1_Init	48	static
../Core/Src/main.c:471:13:MX_TIM1_Init	112	static
../Core/Src/main.c:555:13:MX_TIM17_Init	80	static
../Core/Src/main.c:618:13:MX_USART2_UART_Init	8	static
../Core/Src/main.c:653:13:MX_GPIO_Init	40	static
../Core/Src/main.c:687:6:Error_Handler	4	static,ignoring_inline_asm
