../Core/Src/main.c:85:5:togglePowerBtn	16	static
../Core/Src/main.c:110:10:ADC_Read	72	static
../Core/Src/main.c:137:6:setInitialState	16	static
../Core/Src/main.c:154:7:getDistance	32	static
../Core/Src/main.c:184:7:calcMotorSpeed	24	static
../Core/Src/main.c:206:6:steerBoat	32	static
../Core/Src/main.c:239:6:setMotorSpeed	16	static
../Core/Src/main.c:269:5:main	32	static
../Core/Src/main.c:365:6:SystemClock_Config	96	static
../Core/Src/main.c:409:13:MX_ADC1_Init	48	static
../Core/Src/main.c:475:13:MX_TIM1_Init	112	static
../Core/Src/main.c:559:13:MX_TIM17_Init	80	static
../Core/Src/main.c:622:13:MX_USART2_UART_Init	8	static
../Core/Src/main.c:657:13:MX_GPIO_Init	40	static
../Core/Src/main.c:691:6:Error_Handler	4	static,ignoring_inline_asm
